[www.raywenderlich.com/149239/htc-vive-tutorial-unity.html]
[backblue.gif]
[fade.gif]
[index.html]
[koenig-assets.raywenderlich.com/wp-content/themes/raywenderlich/style.min4e40.css]
[koenig-assets.raywenderlich.com/wp-content/plugins/swiftype-search/assets/install_swiftype.min55fe.js]
[koenig-assets.raywenderlich.com/wp-includes/js/jquery/jqueryb8ff.js]
[koenig-assets.raywenderlich.com/wp-includes/js/jquery/jquery-migrate.min330a.js]
[koenig-assets.raywenderlich.com/wp-content/themes/raywenderlich/scripts/global_combined.1.0.1655fe.js]
[koenig-assets.raywenderlich.com/wp-content/plugins/easy-spoiler/js/easy-spoiler62ea.js]
[cdn.onesignal.com/sdks/OneSignalSDK.js]
[www.raywenderlich.com/149239/OneSignalSDKUpdaterWorker.js.php]
[www.raywenderlich.com/149239/OneSignalSDKWorker.js.php]
[koenig-assets.raywenderlich.com/wp-content/themes/raywenderlich/printc070.css]
[s3.buysellads.com/ac/bsa.js]
[connect.facebook.net/en_US/sdk.js]
[www.gravatar.com/avatar/86316682b3c7d8d6b0cd50a0d5e6a6ee6813.jpeg]
[koenig-media.raywenderlich.com/uploads/2016/12/Intro.gif]
[koenig-media.raywenderlich.com/uploads/2016/12/AssetFolders.png]
[koenig-media.raywenderlich.com/uploads/2016/12/FirstSceneView.png]
[koenig-media.raywenderlich.com/uploads/2016/12/FirstSceneView-650x338.png]
[koenig-media.raywenderlich.com/uploads/2016/12/CanTeleportLayer.png]
[koenig-media.raywenderlich.com/uploads/2016/12/AssetStoreSelect.png]
[koenig-media.raywenderlich.com/uploads/2016/12/SteamVRAssetStore.png]
[koenig-media.raywenderlich.com/uploads/2016/12/ImportPackage.png]
[koenig-media.raywenderlich.com/uploads/2016/12/ApiUpdate.png]
[koenig-media.raywenderlich.com/uploads/2016/12/SteamVrSettings.png]
[koenig-media.raywenderlich.com/uploads/2016/12/SteamVRFolder.png]
[koenig-media.raywenderlich.com/uploads/2016/12/SteamVrPrefabsFolder.png]
[koenig-media.raywenderlich.com/uploads/2016/12/DragVRPrefabs.gif]
[koenig-media.raywenderlich.com/uploads/2016/12/SteamVrComponent.png]
[koenig-media.raywenderlich.com/uploads/2016/12/ZPosCameraRig.png]
[koenig-media.raywenderlich.com/uploads/2016/12/ControllerMoveScene.gif]
[koenig-media.raywenderlich.com/uploads/2016/12/ControllersHierarchy.png]
[koenig-media.raywenderlich.com/uploads/2016/12/HeadMove.gif]
[koenig-media.raywenderlich.com/uploads/2016/12/ViveControllerButtons.png]
[koenig-media.raywenderlich.com/uploads/2016/12/ControllerTrackedObj.png]
[koenig-media.raywenderlich.com/uploads/2016/12/AddControllerTestComponents.gif]
[koenig-media.raywenderlich.com/uploads/2016/12/ConsoleDebugLocation.png]
[koenig-media.raywenderlich.com/uploads/2016/12/ControllerInputDebug.gif]
[koenig-media.raywenderlich.com/uploads/2016/12/RigidBodySetup.png]
[koenig-media.raywenderlich.com/uploads/2016/12/ControllerBoxCollider.png]
[koenig-media.raywenderlich.com/uploads/2016/12/ControllerColliderScene.png]
[koenig-media.raywenderlich.com/uploads/2016/12/DragGrabScript.gif]
[koenig-media.raywenderlich.com/uploads/2016/12/GrabbingPlay.gif]
[koenig-media.raywenderlich.com/uploads/2016/12/CreateCube.png]
[koenig-media.raywenderlich.com/uploads/2016/12/FloatLaser.png]
[koenig-media.raywenderlich.com/uploads/2016/12/LaserMat.png]
[koenig-media.raywenderlich.com/uploads/2016/12/DragLaserMat.gif]
[koenig-media.raywenderlich.com/uploads/2016/12/DragLaserToPrefabs.png]
[koenig-media.raywenderlich.com/uploads/2016/12/Draglaser.png]
[koenig-media.raywenderlich.com/uploads/2016/12/DragLaserToField.gif]
[koenig-media.raywenderlich.com/uploads/2016/12/ShootLaser.gif]
[koenig-media.raywenderlich.com/uploads/2016/12/Reticle.png]
[koenig-media.raywenderlich.com/uploads/2016/12/TeleportDifference.gif]
[koenig-media.raywenderlich.com/uploads/2016/12/NewFields-1.png]
[koenig-media.raywenderlich.com/uploads/2016/12/DraggingObjects.gif]
[koenig-media.raywenderlich.com/uploads/2016/12/FinalGame.gif]
[koenig-assets.raywenderlich.com/wp-content/themes/raywenderlich/images/global/video-yeti@2x.png]
[www.gravatar.com/avatar/86316682b3c7d8d6b0cd50a0d5e6a6eeeffa.jpeg]
[www.gravatar.com/avatar/00e6bc11f7e1d2c9747d053b06b450afeffa.jpeg]
[www.gravatar.com/avatar/cb4c3a88248bece0aab4d7990466e1eceffa.jpeg]
[www.gravatar.com/avatar/824a6fbb8cbbae317c42ec5a94649f9aeffa.jpeg]
[koenig-assets.raywenderlich.com/wp-content/plugins/wp-tweet-button/tweetn.png]
[koenig-assets.raywenderlich.com/wp-content/themes/raywenderlich/images/tutorial-page/arrow@2x.png]
[koenig-assets.raywenderlich.com/wp-content/themes/raywenderlich/images/global/subscription-coin-bg-3@2x.png]
[koenig-assets.raywenderlich.com/wp-content/themes/raywenderlich/images/global/subscription-coin-bg-2@2x.png]
[koenig-assets.raywenderlich.com/wp-content/themes/raywenderlich/images/global/subscription-coin-bg-1@2x.png]
[koenig-assets.raywenderlich.com/wp-content/themes/raywenderlich/images/global/subscription-coin-base@2x.png]
[koenig-assets.raywenderlich.com/wp-content/themes/raywenderlich/images/global/ia_tilted@2x.png]
[koenig-assets.raywenderlich.com/wp-content/themes/raywenderlich/images/ads/PragmaConf16_banner_125x125.png]
[koenig-assets.raywenderlich.com/wp-content/themes/raywenderlich/images/ads/altu.png]
[koenig-assets.raywenderlich.com/wp-content/themes/raywenderlich/images/store/profile-page-products/rlm@2x.png]
[koenig-assets.raywenderlich.com/wp-content/themes/raywenderlich/images/store/profile-page-products/alg@2x.png]
[koenig-assets.raywenderlich.com/wp-content/themes/raywenderlich/images/store/profile-page-products/des@2x.png]
[koenig-assets.raywenderlich.com/wp-content/themes/raywenderlich/images/store/profile-page-products/aa@2x.png]
[koenig-assets.raywenderlich.com/wp-content/themes/raywenderlich/images/store/profile-page-products/ka@2x.png]
[koenig-assets.raywenderlich.com/wp-content/themes/raywenderlich/images/store/profile-page-products/vpr@2x.png]
[koenig-assets.raywenderlich.com/wp-content/themes/raywenderlich/images/store/profile-page-products/i11t@2x.png]
[koenig-assets.raywenderlich.com/wp-content/themes/raywenderlich/images/store/profile-page-products/ia1234@2x.png]
[koenig-assets.raywenderlich.com/wp-content/themes/raywenderlich/images/store/profile-page-products/dbg@2x.png]
[koenig-assets.raywenderlich.com/wp-content/themes/raywenderlich/images/store/profile-page-products/rxs@2x.png]
[koenig-assets.raywenderlich.com/wp-content/themes/raywenderlich/images/store/profile-page-products/ua@2x.png]
[koenig-assets.raywenderlich.com/wp-content/themes/raywenderlich/images/store/profile-page-products/sa@2x.png]
[koenig-assets.raywenderlich.com/wp-content/themes/raywenderlich/images/store/profile-page-products/cdt@2x.png]
[koenig-assets.raywenderlich.com/wp-content/themes/raywenderlich/images/store/profile-page-products/tvt@2x.png]
[koenig-assets.raywenderlich.com/wp-content/themes/raywenderlich/images/store/profile-page-products/w2t@2x.png]
[koenig-assets.raywenderlich.com/wp-content/themes/raywenderlich/images/store/profile-page-products/igt2@2x.png]
[koenig-assets.raywenderlich.com/wp-content/themes/raywenderlich/images/store/profile-page-products/iat@2x.png]
[koenig-assets.raywenderlich.com/wp-content/themes/raywenderlich/images/store/profile-page-products/igt1@2x.png]
[www.gravatar.com/avatar/10c4bad10aeb3312958221c9695e55f76813.jpeg]
[www.gravatar.com/avatar/d5d6a5418e689f22ebdd7741398ca0336813.jpeg]
[www.gravatar.com/avatar/3524ba5c9815a021568e477fe70bdd1b6813.jpeg]
[www.gravatar.com/avatar/980745b8cd403f3ffb8d5eace37123b36813.jpeg]
[www.gravatar.com/avatar/316091fcf9ba5a5d24c1865b816436b96813.jpeg]
[www.gravatar.com/avatar/0595e42e212a10e016e362dc9181933b6813.jpeg]
[www.gravatar.com/avatar/cef127c351e84aa523420650e95e4f766813.jpeg]
[www.gravatar.com/avatar/2edeb6ac352e7d7ec1fc6587def470426813.png]
[www.gravatar.com/avatar/3fbeaec9baca5ec4ee8b9f0f241c7f096813.png]
[www.gravatar.com/avatar/4130f53141ff249692b920a0721b100e6813.jpeg]
[www.gravatar.com/avatar/8e42d1b3a58e20619f74d00c55405eff6813.jpeg]
[www.gravatar.com/avatar/e6b0f74f6b0294fed6edb668acab8c2c6813.jpeg]
[koenig-assets.raywenderlich.com/wp-content/themes/raywenderlich/images/global/rw-logo_250.png]
[www.gravatar.com/avatar/cb4c3a88248bece0aab4d7990466e1ec6813.jpeg]
[www.gravatar.com/avatar/62467727d6e6b2fc18d0fed04078578b6813.jpeg]
[www.gravatar.com/avatar/1d1aca7a6cde36af51a4628b3776fb0b6813.png]
[www.gravatar.com/avatar/a33664187e29e0f9f66a185fb011b29b6813.jpeg]
[www.gravatar.com/avatar/dc524a72bf1697fc70a41a2bcf9c8ff86813.jpeg]
[www.gravatar.com/avatar/be74593ca7b09a1b92ab64586ffe95336813.jpeg]
[www.gravatar.com/avatar/8c38070338216629f47913bde3c9e7266813.png]
[www.gravatar.com/avatar/4fe99865b3f7f668378b57f0665ef8366813.jpeg]
[www.gravatar.com/avatar/d02acb07c90fe0670fc929f8e928ee426813.jpeg]
[www.gravatar.com/avatar/f6d6573d309545867ba65b2aaae1d3236813.png]
[www.gravatar.com/avatar/42bfc33c9418258cd65d4fe4486a42566813.jpeg]
[www.gravatar.com/avatar/c73dcfefb849f134b4d3e47b7d5097aa6813.jpeg]
[www.gravatar.com/avatar/4bc1561be7a621a6d0a149045e14c48d6813.jpeg]
[wolverine.raywenderlich.com/v3-resources/universal-footer/subscribe-footer@2x.png]
[s3.amazonaws.com/cdn.raywenderlich.com/v3-resources/universal-footer/image-rwweekly@2x.png]
[platform.twitter.com/widgets4963.js]
[koenig-assets.raywenderlich.com/wp-content/themes/raywenderlich/scripts/highlight.pack54e0.js]
[koenig-assets.raywenderlich.com/wp-content/themes/raywenderlich/scripts/code_highlightingc90e.js]
[koenig-assets.raywenderlich.com/wp-content/themes/raywenderlich/scripts/countdown5f68.js]
[koenig-assets.raywenderlich.com/wp-includes/js/wp-embed.min55fe.js]
[autolinkmaker.itunes.apple.com/js/itunes_autolinkmaker.js]
[www.raywenderlich.com/149239/htc-vive-tutorial-unity.html]
[www.googletagmanager.com/gtm5445.html]
[koenig-assets.raywenderlich.com/wp-content/themes/raywenderlich/images/responsive-menu-bg.png]
[koenig-assets.raywenderlich.com/wp-content/themes/raywenderlich/images/global/header_bg.jpg]
[koenig-assets.raywenderlich.com/wp-content/themes/raywenderlich/images/back-to-top@2x.png]
[koenig-assets.raywenderlich.com/wp-content/themes/raywenderlich/images/access-bg@2x.png]
[koenig-assets.raywenderlich.com/wp-content/themes/raywenderlich/images/search@2x.png]
[koenig-assets.raywenderlich.com/wp-content/themes/raywenderlich/images/facebook@2x.png]
[koenig-assets.raywenderlich.com/wp-content/themes/raywenderlich/images/facebook@2x-hover.png]
[koenig-assets.raywenderlich.com/wp-content/themes/raywenderlich/images/twitter@2x.png]
[koenig-assets.raywenderlich.com/wp-content/themes/raywenderlich/images/twitter@2x-hover.png]
[koenig-assets.raywenderlich.com/wp-content/themes/raywenderlich/images/google-plus@2x.png]
[koenig-assets.raywenderlich.com/wp-content/themes/raywenderlich/images/google-plus@2x-hover.png]
[koenig-assets.raywenderlich.com/wp-content/themes/raywenderlich/images/pinterest@2x.png]
[koenig-assets.raywenderlich.com/wp-content/themes/raywenderlich/images/pinterest@2x-hover.png]
[koenig-assets.raywenderlich.com/wp-content/themes/raywenderlich/images/linked@2x.png]
[koenig-assets.raywenderlich.com/wp-content/themes/raywenderlich/images/linked@2x-hover.png]
[koenig-assets.raywenderlich.com/wp-content/themes/raywenderlich/images/tumblr@2x.png]
[koenig-assets.raywenderlich.com/wp-content/themes/raywenderlich/images/tumblr@2x-hover.png]
[koenig-assets.raywenderlich.com/wp-content/themes/raywenderlich/images/vimeo@2x.png]
[koenig-assets.raywenderlich.com/wp-content/themes/raywenderlich/images/vimeo@2x-hover.png]
[koenig-assets.raywenderlich.com/wp-content/themes/raywenderlich/images/my-space@2x.png]
[koenig-assets.raywenderlich.com/wp-content/themes/raywenderlich/images/my-space@2x-hover.png]
[koenig-assets.raywenderlich.com/wp-content/themes/raywenderlich/images/flickr@2x.png]
[koenig-assets.raywenderlich.com/wp-content/themes/raywenderlich/images/flickr@2x-hover.png]
[koenig-assets.raywenderlich.com/wp-content/themes/raywenderlich/images/you-tube@2x.png]
[koenig-assets.raywenderlich.com/wp-content/themes/raywenderlich/images/you-tube@2x-hover.png]
[koenig-assets.raywenderlich.com/wp-content/themes/raywenderlich/images/rss@2x.png]
[koenig-assets.raywenderlich.com/wp-content/themes/raywenderlich/images/rss@2x-hover.png]
[koenig-assets.raywenderlich.com/wp-content/themes/raywenderlich/images/by-author@2x.png]
[koenig-assets.raywenderlich.com/wp-content/themes/raywenderlich/images/date@2x.png]
[koenig-assets.raywenderlich.com/wp-content/themes/raywenderlich/images/tags@2x.png]
[koenig-assets.raywenderlich.com/wp-content/themes/raywenderlich/images/comments@2x.png]
[koenig-assets.raywenderlich.com/wp-content/themes/raywenderlich/images/wp_page_numbers-bg@2x.png]
[koenig-assets.raywenderlich.com/wp-content/themes/raywenderlich/images/tutorial-page/twitter-bird@2x.png]
[koenig-assets.raywenderlich.com/wp-content/themes/raywenderlich/images/global/logo@2x.png]
[koenig-assets.raywenderlich.com/wp-content/themes/raywenderlich/images/global/cat_all-tuts@2x.png]
[koenig-assets.raywenderlich.com/wp-content/themes/raywenderlich/images/global/cat_ios@2x.png]
[koenig-assets.raywenderlich.com/wp-content/themes/raywenderlich/images/global/cat_controller@2x.png]
[koenig-assets.raywenderlich.com/wp-content/themes/raywenderlich/images/global/icon_art_1@2x.png]
[koenig-assets.raywenderlich.com/wp-content/themes/raywenderlich/images/profile-page/twitter@2x.png]
[koenig-assets.raywenderlich.com/wp-content/themes/raywenderlich/images/profile-page/facebook@2x.png]
[koenig-assets.raywenderlich.com/wp-content/themes/raywenderlich/images/profile-page/quote@2x.png]
[koenig-assets.raywenderlich.com/wp-content/themes/raywenderlich/images/profile-page/thumbs-up@2x.png]
[koenig-assets.raywenderlich.com/wp-content/themes/raywenderlich/images/global/lang-dropdown.png]
[koenig-assets.raywenderlich.com/wp-content/themes/raywenderlich/images/global/icon_videos.png]
[koenig-assets.raywenderlich.com/wp-content/themes/raywenderlich/images/global/rw_logo.png]
[koenig-assets.raywenderlich.com/wp-content/themes/raywenderlich/images/global/cat_ios.png]
[koenig-assets.raywenderlich.com/wp-content/themes/raywenderlich/images/global/cat_all-tuts.png]
[koenig-assets.raywenderlich.com/wp-content/themes/raywenderlich/images/global/icon_book.png]
[koenig-assets.raywenderlich.com/wp-content/themes/raywenderlich/images/global/icon_checkmark.png]
[koenig-assets.raywenderlich.com/wp-content/themes/raywenderlich/images/global/icon_xcode_green.png]
[koenig-assets.raywenderlich.com/wp-content/themes/raywenderlich/images/global/icon_challenge_green.png]
[koenig-assets.raywenderlich.com/wp-content/themes/raywenderlich/images/global/icon_forums_green.png]
[koenig-assets.raywenderlich.com/wp-content/themes/raywenderlich/style.min4e40.css]
[koenig-assets.raywenderlich.com/wp-content/themes/raywenderlich/styles/highlight.js.atom-one-light.mine592.css]
[koenig-assets.raywenderlich.com/wp-content/plugins/swiftype-search/assets/autocomplete55fe.css]
[koenig-assets.raywenderlich.com/wp-content/plugins/wp-pagenavi/pagenavi-css44fd.css]
[koenig-assets.raywenderlich.com/wp-content/plugins/easy-spoiler/images/shadetop.gif]
[koenig-assets.raywenderlich.com/wp-content/plugins/easy-spoiler/easy-spoiler.css]
[koenig-assets.raywenderlich.com/wp-content/plugins/easy-spoiler/images/shadebottom.gif]
[www.raywenderlich.com/149239/OneSignalSDKUpdaterWorker.js.html]
[www.raywenderlich.com/149239/OneSignalSDKWorker.js.html]
[koenig-assets.raywenderlich.com/wp-content/themes/raywenderlich/printc070.css]
[connect.facebook.net/en_US/sdk.js]
[autolinkmaker.itunes.apple.com/js/itunes_autolinkmaker.js]
[p.skimresources.com/px3425.gif]
[koenig-assets.raywenderlich.com/wp-content/themes/raywenderlich/buttons.html]
[www.raywenderlich.com/149239/ABCDEFGHIJKLMNOPQRSTUVWXYZabcdefghijklmnopqrstuvwxyz0123456789+/index.html]
[www.raywenderlich.com/149239/^([^_/indexd41d.html]
